university of california , berkeley 
hepatitis d 
kyllikki väre 
los angeles 
rhythm and blues 
midfielder 
wild things 
album 
beetlejuice 
peter steele 
rome 
washington , d.c. 
compilation album 
london 
symptom 
scott walker 
tlc legacy : volume two 
niger – congo languages 
male 
asteroid 
dus kahaniyaan 
paris métro line 5 
cannabis 
belgium 
australia 
christmas 
santo loquasto 
prescription drug 
hooked 
super mario strikers 
simian mobile disco 
robert louis stevenson 
tennessee 
lee sungmin 
ara 
fever 
canadian rockies 
freestyle 
white 
united states of america 
jack williamson 
maid-rite sandwich shop 
aquagirl 
female 
wild strawberries 
shoot speed ( more dirty hits ) 
james brown 
united states of america 
christchurch 
baltimore city public schools 
fighting game 
animation 
united states of america 
literature 
harpsichord 
nebo zovyot 
lauren greenfield 
bizarre foods with andrew zimmern 
group sex 
at 89 
missouri tigers men 's basketball 
waimea 
reggae 
bantam spectra 
the man who knew too much 
ray charles 
sarasota 
big blue radio by audiocandy.com 
painting 
male 
left-handed 
tori amos 
deep purple 
i miss you 
christianity 
east germany 
madonna of foligno 
trina 
canterbury 
jazz 
yue chinese 
solar system 
mighty joe young 
france 
united states of america 
alizée 
horror 
france 
universal records 
mao zedong 
panhala 
horror 
accidental drug overdose 
richard m. sherman 
punk rock 
mickey avalon 
nancy ajram 
san gabriel 
republic of ireland 
colin wilson 
toledo 
easton station 
wendell mayes 
business 
ulster county 
malcolm mclaren 
naples 
damon albarn 
reversal of a dog 
italy 
action thriller 
adventure film 
audiophile 
samuel forsyth 
soundtrack 
welsh principal area 
united states of america 
fatboy slim 
vivendi games 
hirokazu yasuhara 
so many roads ( 1965 - 1995 ) 
( 23447 ) 1987 vg 
seasons : imax 
family 
single-player video game 
jacques monod 
john myung 
sonny & amp ; cher 
warrior 
desmond jeans 
the mesmerist 
documentary film 
united kingdom 
american football 
mass romantic 
malayalam language 
laminar research 
pop rock 
lombardy 
netherlands 
hatch up your troubles 
actor 
great britain 
architect 
male 
poland 
black or white 
pearl city 
richard childress racing 
british movies 
english literature 
family 
airport 
grace potter and the nocturnals 
norway 
penn hills 
neighbours 
david lindsay-abaire 
album 
horror 
english language 
mexico 
running back 
independent 
germany 
peru 
freaks 
africa 
compilation album 
ropinirole 
darren dennehy 
canada 
sri ramadasu 
greek revival 
world war ii 
panic disorder 
marvel universe 
calcitriol 
gafla 
belgium 
shield volcano 
rock music 
being with you 
disco 
cephalon 
male 
prescription drug 
north sacramento , sacramento , california 
post-punk 
georgia tech yellow jackets football 
singles 
paradox interactive 
western 
kazzer 
boxing 
mediawiki 
red 
klagenfurt 
united states of america 
film producer 
hydrocortisone 
hindi language 
english language 
little golden books 
social democracy 
christianity 
berrien county 
andré 3000 
united states of america 
japan 
golden bears 
9786 gakutensoku 
tv episode 
english language 
artist 
human rights 
famotidine 20 film coated tablet 
florida 
mike rosen 
javon jackson 
california 
paul chihara 
699 hela 
jazze pha 
central time zone 
i did n't 
efd 
sweden 
toronto 
private school 
parody 
adventure film 
gabriel marcel 
jan dydak 
prince george 's county 
bobby brown 
biographical film 
fosca 
compilation album 
bar harbor 
collide 
aprepitant 
vermilion parish 
elmer bernstein 
ed crane 
emily key hoffman 
compilation album 
one small step 
rising zan : the samurai gunman 
changeling 
lotus 
action-adventure game 
sweden 
punk rock 
canada 
male 
song 
peas 
stay 
neil young 
silent film 
romance novel 
jeff beal 
male 
hongwu emperor 
united states of america 
peter paul koprowski 
on the way home 
asteroid 
world war i 
baie sainte anne 
film director 
roy boulting 
detroit 
i have a dream 
savannah 
cleveland 
franco de vita 
motor vehicles and passenger car bodies 
romania 
united states of america 
groove metal 
william shakespeare 
data east 
11423 cronin 
alive in an ultra world 
compact disc 
united states of america 
zinc oxide 
adventure film 
rock around the clock 
arizona 
folk music 
john radcliffe hospital 
hiv / aids 
mehdi rahmati 
english language 
parliament of egypt 
carrie fisher 
eastern time zone 
wkmi 
united kingdom 
james dean 
united states of america 
house music 
male 
oil paint 
feed my frankenstein 
united states of america 
midfielder 
utica 
space writing 
god save the manics 
public domain 
german language 
let 's begin 
hard rock 
male 
paradise valley community college 
saint petersburg 
amore e non amore 
universal music group 
judaism 
italy 
spanish language 
silver threads and golden needles 
darke county 
spain 
belfast 
kessen 
roman polanski : wanted and desired 
yasemin horasan 
the next step in the dance 
live album 
soundtrack 
holyoke 
queensryche 
dreamcast 
united states of america 
walter carlisle 
sports 
foods that can cause you to lose weight ii 
another day 
josé josé 
peter brand 
marvin hamlisch 
documentary film 
los angeles 
hinduism 
heavy metal 
ted stevens anchorage international airport 
gallia county 
zhang yuan 
shopgirl 
united kingdom 
musical recording 
medellín 
richard eyre 
elton john 
alternative metal 
rock music 
cabana district , ancash 
saint peter 
i have a dream 
sir arthur sullivan 
danny dimbort 
chiba prefecture 
samsung electronics 
asteroid belt 
danny boyle 
united states of america 
south korea 
ohio 
lymphoma 
architect 
bruce surtees 
korean language 
punk rock 
ships on a stormy sea 
bill withers 
stan heath 
frank dunlop 
butterfly case 
electronic music 
christmas 
central european time zone 
let 's get high 
play 
psychedelic rock 
album 
bob baldwin 
challenging the mandate of heaven 
spanish language 
african american 
literary 
sister 
selector 
twilight 
france 
djam karet 
arabic language 
the fortune of war 
united states of america 
compilation album 
african american 
staind 
funk 
hepatitis b 
western 
female 
italy 
episcopal church 
male 
great britain 
queen anne style architecture ( great britain & amp ; australia ) 
oscar hammerstein ii 
news 
united states of america 
stalin a critical survey of bolshevism 
new york city 
gods in darkness 
bangladesh 
japan 
godzilla , journey to monster island 
atlanta 
pop music 
jscript . net 
western illinois leathernecks men 's basketball 
the set up 
black-and-white 
under wraps 
mexico city 
peru 
family 
purple 
nobody 's perfect 
50 cent is the future 
forward 
fernando torres 
lost 
mamluk 
mama , you been on my mind 
mercury records 
goalkeeper 
portuguese language 
folk rock 
giengen 
babylon 
protocol 
pieces of me 
republic of ireland 
eastern time zone 
actor 
murder 
electronic music 
tao te ching 
atari 
documentary film 
compilation album 
male 
jamaica 
cat 
sega 
hilo 
postmodern architecture 
central european time zone 
james river 
black comedy 
kamil kopúnek 
ron asheton 
horror 
seam bowling 
performing arts 
green 
brittany 
robert bloch 
decapitation 
shasta lake 
doc blanchard 
eastern time zone 
london 
chasing lights 
3461 mandelshtam 
john williams 
the huntsman 
anfiteatro live ( disc 1 ) 
peppermint 
biography 
ambient music 
thriller 
central time zone 
electronica 
album 
the great american broadcast 
charles m. schulz – sonoma county airport 
triple play 99 
aristotle 
language 
union parish 
the dark side of the moon 
chris cooper 
not one less 
film director 
jim steinman 
black 
psychic 
short film 
pop rock 
blue 
let me down easy 
golden boy 
luther campbell 
united states of america 
amherst 
sally menke 
arizona cardinals 
chicago 
united states of america 
serbia 
superhuman speed 
blue 
simon birch 
carolynne good 
the chumscrubber 
finland 
harry potter 
struck by lightning 
science fiction 
los angeles 
architecture , language and meaning 
35 mm film 
white lion 
berlin 
nacogdoches 
drama 
monk 
a fuchsia elephant 
cork and cork products 
united states of america 
rhythm and blues 
cars 
sanctuary records group 
i can no longer hear the guitar 
rmit university 
cincinnati 
southington 
eduardo lópez 
rod serling 
south africa 
margit rosengren 
chilly gonzales 
( 5907 ) 1989 tu5 
blues 
wellington 
mystery 
leonardo sciascia 
labouré college 
who 's gonna ride your wild horses 
( 12961 ) 4262 t-2 
contemporary christian music 
amram 
king 's college london 
... breathing is irrelevant 
united states of america 
tv producer 
italy 
richard day 
argentina 
sadamitsu the destroyer 
callaway went thataway 
findlay 
united states of america 
paul shapiro 
massacre records 
cincinnati 
michael moorcock 
minneapolis 
live album 
english language 
universal music group 
girl 
male 
male 
rock music 
hindi language 
the adventures of the great mouse detective 
afshin 
united states of america 
bulgaria 
nagasaki 
achilles in scyros 
jewellery 
safety 
song 
discovery digital networks 
william w. winpisinger 
point sur lighthouse 
mr. mehta & amp ; mrs. singh 
male 
united states of america 
national lampoon 's senior trip 
chain bridge at falls of schuylkill 
asteroid belt 
because they 're young 
bolivia 
keith delong 
united states of america 
blanche novak 
zinc oxide , titanium dioxide 0.133 / 0.07 cream 
riverhead books 
rob bowman 
jerry robinson 
honky tonk heroes / lonesome on 'ry and mean 
united kingdom 
united states of america 
1271 isergina 
move over darling : the complete stiff recordings 
1969 
thiruchelvam nihal jim brown 
vietnam 
actor 
united states of america 
united states of america 
krautrock 
frederick county 
drama 
humongous entertainment 
pop music 
bible 
renal failure 
fergie 
sweet little sixteen 
la goulette 
male 
england 
song 
frank sinatra 
concert film 
netherlands 
sanandij 
female 
atlantis 
montreal 
asteroid belt 
sing the classics 
bille august 
the best of nils lofgren : do n't walk , rock 
united states of america 
en vogue 
tor books 
running back 
science 
case closed 
murad ismail said 
norway 
prinsessor 
fiction 
hindi language 
closer 
new york city 
codeine 
biologist 
chris vrenna 
stuttgart 
steve doocy 
exi ( s ) t 
augustin-louis cauchy 
united kingdom 
knock you down 
platform game 
male 
canada 
the new order 
karaj 
sodium 
united states of america 
paris 
heavy metal 
cloudveil dome 
wolfmother 
jan johansson 
experimental film 
rochester 
philip j. lang 
bad mojo 
brothers in arms 
brooklyn 
defender 
italy 
brothers in arms 
george sand 
pyrenees 
the oxford book of children 's stories 
punk rock 
black beauty ( kingfisher classics ) 
male 
florence 
san diego international airport 
portugal 
collien ulmen-fernandes 
down to earth 
seeta aur geeta 
nickelodeon 
aripiprazole 
midfielder 
paul weller 
poems 
royal shakespeare company 
hard rock 
television film 
business operation 
bridgeville 
mexico 
ubisoft 
cartoon 
asia 
food coloring 
love birds 
male 
history 
album 
pyotr ilyich tchaikovsky 
painting 
love actually 
nazism 
drama 
tri-polar 
france 
female 
hong kong 
bengali language 
theda skocpol 
birmingham 
safecracker the ultimate puzzle adventure 
black dog 
rectangle 
comedy 
ascorbic acid , cholecalciferol , alpha-tocopherol , pyridoxine , folic acid , cyanocobalamin , biotin , calcium carbonate , ferrous fumarate , potassium iodide , magnesium oxide , doconexent , and icosapent 85 / 200 / 10 / 25 / 1 / 1 / 300 / 140 / 28 / 150 / 45 / 300 / 40 gelatin coated capsule </s> 
biographical film 
1-up studio 
chile 
film noir 
female 
alternative rock 
filmmakers in action 
aroostook county 
europe 
white 
urethritis 
the secret of the submarine 
fiction 
myanmar 
coast mountains 
male 
spy 
cordell hull lake 
robinson lake 
dolly parton 
english language 
on beauty 
comedy-drama 
august 1 
closer 
memphis 
animated cartoon 
compilation album 
politician 
fantasy records 
author 
the little drummer boy 
myocardial infarction 
lichen planus 
greek revival 
the andrews sisters 
united states of america 
film director 
american troubadour 
jackson 
elizabeth edwards 
english language 
gold 
pilot 
english language 
looking back 
seventh doctor 
good night , and good luck 
paraíba do sul 
the world according to garp 
simone martini 
atractylodes japonica root 0.0005 cream 
taiwan 
centaurus 
gail godwin 
disease or medical condition 
karel ferdinand irmler 
proprietary software 
kasper bisgaard 
musical 
hate to say i told you so 
russell brand 's ponderland 
cult film 
muriel 's wedding 
north america 
alternative rock 
jazz 
zilker park 
propaganda film 
( 10779 ) 1991 lw 
the church of jesus christ of latter-day saints 
direction reaction creation 
objection vi 
the christmas collection 
actor 
the witcher 
italy 
california 
al-kamil 
ashley palmer 
composer 
sts-76 
england 
british cuisine 
new south wales 
coleco 
rodeo girl 
helen gardner 
austria 
soren 
solar system 
society of jesus 
chess 
muppets from space 
viva piñata : party animals 
marjorie shostak 
mystery 
united states of america 
english language 
quarterback 
namco 
los angeles 
